Info: Bottleneck Report Using The Default Metric on User-defined 500 Paths
Info: ------------------------------------------------------------------------------------
Info:                               Total                       Failing
Info:    Rating Slack       TNS     Slack Fanouts  Fanins Paths   Paths Node
Info: --------- ----- --------- --------- ------- ------- ----- ------- ------------------
Info:     500.0  -1.1    -541.1    -541.1       1       0   500     500 clk_sys_100m_p
Info:     500.0  -1.1    -541.1    -541.1       1       1   500     500 clk_sys_100m_p~input|o
Info:     500.0  -1.1    -541.1    -541.1       1       1   500     500 clk_sys_100m_p~input|i
Info:     500.0  -1.1    -541.1    -541.1       1       0   500     500 pcie|u_pcie|iopll_0|iopll_0|tennm_pll~c1cntr_reg
Info:     500.0  -1.1    -541.1    -541.1  401809       1   500     500 pcie|u_pcie|iopll_0|iopll_0|tennm_pll~fmio96fs_wr/m31_0_29__iopll_to_dcm__pllcout[0]
Info:     500.0  -1.1    -541.1    -541.1       1       1   500     500 pcie|u_pcie|iopll_0|iopll_0|tennm_pll~fmio96fs_wr/x0/fmio96_core_inst/fmio48tile_top/x5/u4_3/x0/xiopll_custom/xccnt_iopll1/vcoph[0]
Info:     500.0  -1.1    -541.1    -541.1       2       1   500     500 pcie|u_pcie|iopll_0|iopll_0|tennm_pll~fmio96fs_wr/x0/fmio96_core_inst/fmio48tile_top/x5/u4_3/x0/xiopll_custom/xiopll_core/vcoph[0]
Info:     500.0  -1.1    -541.1    -541.1       1       1   500     500 pcie|u_pcie|iopll_0|iopll_0|tennm_pll~vcoph[0]
Info:     500.0  -1.1    -541.1    -541.1       1       2   500     500 pcie|u_pcie|iopll_0|iopll_0|tennm_pll~vctrl
Info:     500.0  -1.1    -541.1    -541.1       1       1   500     500 pcie|u_pcie|iopll_0|iopll_0|tennm_pll~vco_refclk
Info:     500.0  -1.1    -541.1    -541.1       3       1   500     500 pcie|u_pcie|iopll_0|iopll_0|tennm_pll~pllnout
Info:     500.0  -1.1    -541.1    -541.1       2       1   500     500 pcie|u_pcie|iopll_0|iopll_0|tennm_pll~fmio96fs_wr/x0/fmio96_core_inst/fmio48tile_top/x5/u4_3/x0/xiopll_custom/xiopll_core/xncnt_iopll/clk
Info:     500.0  -1.1    -541.1    -541.1       2       1   500     500 pcie|u_pcie|iopll_0|iopll_0|tennm_pll~fmio96fs_wr/x0/fmio96_core_inst/fmio48tile_top/x5/u4_3/x0/xiopll_custom/xclkin_sw/xpm_pll_so/clk[0]
Info:     500.0  -1.1    -541.1    -541.1       1       1   500     500 pcie|u_pcie|iopll_0|iopll_0|tennm_pll|outclk[1]
Info:     500.0  -1.1    -541.1    -541.1       1       1   500     500 pcie|u_pcie|iopll_0|iopll_0|tennm_pll|refclk[2]
Info:     334.0  -1.1    -361.5    -361.5       3       1   334     334 vpart|engine|vp|pes_0|writeComb|add_0~56|cin
Info:     334.0  -1.1    -361.5    -361.5       1       2   334     334 vpart|engine|vp|pes_0|writeComb|add_0~46|cout
Info:     323.0  -1.1    -350.1    -350.1       1       1   323     323 vpart|engine|vp|partitionNumR[0]~BLOCK_INPUT_MUX_PASSTHROUGH_X218_Y104_N0_I0_dff
Info:     323.0  -1.1    -350.1    -350.1       1       1   323     323 vpart|engine|vp|partitionNumR[0]~BLOCK_INPUT_MUX_PASSTHROUGH_X218_Y104_N0_I0_dff|q
Info:     323.0  -1.1    -350.1    -350.1       1       1   323     323 vpart|engine|vp|partitionNumR[0]~BLOCK_INPUT_MUX_PASSTHROUGH_X218_Y104_N0_I0_dff|clk
Info:     323.0  -1.1    -350.1    -350.1       4       1   323     323 vpart|engine|vp|pes_0|writeComb|add_0~41|datad
Info:     160.0  -1.1    -173.2    -173.2       3       1   160     160 vpart|engine|vp|pes_0|writeComb|add_0~16|cin
Info:     160.0  -1.1    -173.2    -173.2       1       3   160     160 vpart|engine|vp|pes_0|writeComb|add_0~11|cout
Info:     144.0  -1.1    -155.9    -155.9       5       1   144     144 vpart|engine|vp|pes_0|writeComb|add_0~56~cw_ml_mlab/laboutt[4]
Info:     144.0  -1.1    -155.9    -155.9       2       2   144     144 vpart|engine|vp|pes_0|writeComb|add_0~56|sumout
Info:     144.0  -1.1    -155.9    -155.9       4       2   144     144 vpart|engine|vp|pes_0|writeComb|i13381~9|combout
Info:     144.0  -1.1    -155.9    -155.9       1       1   144     144 vpart|engine|vp|pes_0|writeComb|i13381~9|dataf
Info:     100.0  -1.1    -107.8    -107.8       1       1   100     100 vpart|engine|vp|partitionNumR[1]~DUPLICATE_BLOCK_INPUT_MUX_PASSTHROUGH_X218_Y104_N0_I6_dff
Info:     100.0  -1.1    -107.8    -107.8       1       1   100     100 vpart|engine|vp|partitionNumR[1]~DUPLICATE_BLOCK_INPUT_MUX_PASSTHROUGH_X218_Y104_N0_I6_dff|q
Info:     100.0  -1.1    -107.8    -107.8       1       1   100     100 vpart|engine|vp|partitionNumR[1]~DUPLICATE_BLOCK_INPUT_MUX_PASSTHROUGH_X218_Y104_N0_I6_dff|clk
Info:     100.0  -1.1    -107.8    -107.8       3       1   100     100 vpart|engine|vp|pes_0|writeComb|add_0~46|datad
Info:     100.0  -1.1    -108.3    -108.3       3       1   100     100 vpart|engine|vp|pes_0|writeComb|add_0~6|cin
Info:     100.0  -1.1    -108.3    -108.3       1       3   100     100 vpart|engine|vp|pes_0|writeComb|add_0~1|cout
Info:      84.0  -1.1     -90.9     -90.9       1       1    84      84 vpart|engine|vp|pes_0|writeComb|issueHash[0]~9|dataf
Info:      84.0  -1.1     -90.9     -90.9       3       6    84      84 vpart|engine|vp|pes_0|writeComb|issueHash[0]~9|combout
Info:      84.0  -1.1     -90.9     -90.9       2       1    84      84 vpart|engine|vp|pes_0|writeComb|i13381~9~cw_ml_mlab/laboutb[16]
Info:      69.0  -1.1     -74.7     -74.7       7       1    69      69 vpart|engine|vp|pes_0|writeComb|add_0~36~cw_ml_mlab/laboutb[1]
Info:      69.0  -1.1     -74.7     -74.7       2       2    69      69 vpart|engine|vp|pes_0|writeComb|add_0~36|sumout
Info:      69.0  -1.1     -74.7     -74.7       3       1    69      69 vpart|engine|vp|pes_0|writeComb|add_0~36|cin
Info:      69.0  -1.1     -74.7     -74.7       1      11    69      69 vpart|engine|vp|pes_0|writeComb|add_0~31|cout
Info:      69.0  -1.1     -74.7     -74.7       3       2    69      69 vpart|engine|vp|pes_0|writeComb|i13381~0|combout
Info:      69.0  -1.1     -74.7     -74.7       1       1    69      69 vpart|engine|vp|pes_0|writeComb|i13381~0|dataf
Info:      60.0  -1.1     -65.0     -65.0       3       1    60      60 vpart|engine|vp|pes_0|writeComb|i13381~9~cw_ml_mlab/laboutb[18]
Info:      60.0  -1.1     -64.9     -64.9      10       3    60      60 vpart|engine|vp|pes_0|writeComb|add_0~1|sumout
Info:      60.0  -1.1     -64.9     -64.9    2845       1    60      60 vpart|engine|vp|pes_4|writeComb|issueHash[0]~6~cw_ml_mlab/lab_lut6outb[0]
Info:      60.0  -1.1     -64.9     -64.9       1       1    60      60 vpart|engine|vp|pes_4|writeComb|issueHash[0]~6|datad
Info:      60.0  -1.1     -64.9     -64.9       3       6    60      60 vpart|engine|vp|pes_4|writeComb|issueHash[0]~6|combout
Info:      60.0  -1.1     -65.0     -65.0    2182       1    60      60 vpart|engine|vp|pes_8|writeComb|issueHash[0]~9~cw_ml_mlab/lab_lut6outb[1]
Info:      60.0  -1.1     -65.0     -65.0       4       6    60      60 vpart|engine|vp|pes_8|writeComb|issueHash[0]~9|combout
Info:      60.0  -1.1     -65.0     -65.0       1       1    60      60 vpart|engine|vp|pes_8|writeComb|issueHash[0]~9|dataa
